// Jest Snapshot v1, https://goo.gl/fbAQLP

exports[`OAuthService getOAuthUrl 생성된 URL이 예상 구조와 일치한다 1`] = `"https://accounts.google.com/o/oauth2/v2/auth?response_type=code&client_id=googleClientId&redirect_uri=http%3A%2F%2Flocalhost%3A3000%2Foauth%2Fredirect%2Fgoogle&state=login_type%3Dlogin&scope=https%3A%2F%2Fwww.googleapis.com%2Fauth%2Fuserinfo.profile&access_type=offline"`;
